Hello from async write!
Appended line